// Jest Snapshot v1, https://goo.gl/fbAQLP

exports[`ContainerHeader should match snpashot 1`] = `
Object {
  "asFragment": [Function],
  "baseElement": <body>
    <div>
      <div
        class="sc-jSMfEi kDHLLL"
      >
        <header
          class="sc-bczRLJ cbMPzK"
        >
          <div
            class="sc-gsnTZi jaAxkF"
          >
            <button
              class="sc-dkzDqf"
            >
              Back
            </button>
          </div>
          <div
            class="sc-gsnTZi jaAxkF"
          >
            <h1
              class="sc-hKMtZM byoMjW"
            />
          </div>
          <div
            class="sc-gsnTZi jaAxkF"
          />
        </header>
        <div
          class="sc-gKXOVf bQoaVo"
        >
          <table
            class="sc-eCYdqJ jhWBFm"
          >
            <thead>
              <tr>
                <th>
                  <span
                    aria-busy="true"
                    aria-live="polite"
                  >
                    <span
                      class="react-loading-skeleton"
                      style="width: 100%;"
                    >
                      ‌
                    </span>
                    <br />
                  </span>
                </th>
                <th>
                  <span
                    aria-busy="true"
                    aria-live="polite"
                  >
                    <span
                      class="react-loading-skeleton"
                      style="width: 100%;"
                    >
                      ‌
                    </span>
                    <br />
                  </span>
                </th>
              </tr>
            </thead>
            <tbody>
              <tr>
                <td>
                  <span
                    aria-busy="true"
                    aria-live="polite"
                  >
                    <span
                      class="react-loading-skeleton"
                      style="width: 100%;"
                    >
                      ‌
                    </span>
                    <br />
                    <span
                      class="react-loading-skeleton"
                      style="width: 100%;"
                    >
                      ‌
                    </span>
                    <br />
                    <span
                      class="react-loading-skeleton"
                      style="width: 100%;"
                    >
                      ‌
                    </span>
                    <br />
                    <span
                      class="react-loading-skeleton"
                      style="width: 100%;"
                    >
                      ‌
                    </span>
                    <br />
                    <span
                      class="react-loading-skeleton"
                      style="width: 100%;"
                    >
                      ‌
                    </span>
                    <br />
                  </span>
                </td>
                <td>
                  <span
                    aria-busy="true"
                    aria-live="polite"
                  >
                    <span
                      class="react-loading-skeleton"
                      style="width: 100%;"
                    >
                      ‌
                    </span>
                    <br />
                    <span
                      class="react-loading-skeleton"
                      style="width: 100%;"
                    >
                      ‌
                    </span>
                    <br />
                    <span
                      class="react-loading-skeleton"
                      style="width: 100%;"
                    >
                      ‌
                    </span>
                    <br />
                    <span
                      class="react-loading-skeleton"
                      style="width: 100%;"
                    >
                      ‌
                    </span>
                    <br />
                    <span
                      class="react-loading-skeleton"
                      style="width: 100%;"
                    >
                      ‌
                    </span>
                    <br />
                  </span>
                </td>
              </tr>
            </tbody>
          </table>
        </div>
      </div>
    </div>
    <div>
      <div
        class="sc-jSMfEi kDHLLL"
      >
        <header
          class="sc-bczRLJ cbMPzK"
        >
          <div
            class="sc-gsnTZi jaAxkF"
          >
            <button
              class="sc-dkzDqf"
            >
              Back
            </button>
          </div>
          <div
            class="sc-gsnTZi jaAxkF"
          >
            <h1
              class="sc-hKMtZM byoMjW"
            />
          </div>
          <div
            class="sc-gsnTZi jaAxkF"
          />
        </header>
        <div
          class="sc-gKXOVf bQoaVo"
        >
          <table
            class="sc-eCYdqJ jhWBFm"
          >
            <thead>
              <tr>
                <th>
                  <span
                    aria-busy="true"
                    aria-live="polite"
                  >
                    <span
                      class="react-loading-skeleton"
                      style="width: 100%;"
                    >
                      ‌
                    </span>
                    <br />
                  </span>
                </th>
                <th>
                  <span
                    aria-busy="true"
                    aria-live="polite"
                  >
                    <span
                      class="react-loading-skeleton"
                      style="width: 100%;"
                    >
                      ‌
                    </span>
                    <br />
                  </span>
                </th>
              </tr>
            </thead>
            <tbody>
              <tr>
                <td>
                  <span
                    aria-busy="true"
                    aria-live="polite"
                  >
                    <span
                      class="react-loading-skeleton"
                      style="width: 100%;"
                    >
                      ‌
                    </span>
                    <br />
                    <span
                      class="react-loading-skeleton"
                      style="width: 100%;"
                    >
                      ‌
                    </span>
                    <br />
                    <span
                      class="react-loading-skeleton"
                      style="width: 100%;"
                    >
                      ‌
                    </span>
                    <br />
                    <span
                      class="react-loading-skeleton"
                      style="width: 100%;"
                    >
                      ‌
                    </span>
                    <br />
                    <span
                      class="react-loading-skeleton"
                      style="width: 100%;"
                    >
                      ‌
                    </span>
                    <br />
                  </span>
                </td>
                <td>
                  <span
                    aria-busy="true"
                    aria-live="polite"
                  >
                    <span
                      class="react-loading-skeleton"
                      style="width: 100%;"
                    >
                      ‌
                    </span>
                    <br />
                    <span
                      class="react-loading-skeleton"
                      style="width: 100%;"
                    >
                      ‌
                    </span>
                    <br />
                    <span
                      class="react-loading-skeleton"
                      style="width: 100%;"
                    >
                      ‌
                    </span>
                    <br />
                    <span
                      class="react-loading-skeleton"
                      style="width: 100%;"
                    >
                      ‌
                    </span>
                    <br />
                    <span
                      class="react-loading-skeleton"
                      style="width: 100%;"
                    >
                      ‌
                    </span>
                    <br />
                  </span>
                </td>
              </tr>
            </tbody>
          </table>
        </div>
      </div>
    </div>
  </body>,
  "container": <div>
    <div
      class="sc-jSMfEi kDHLLL"
    >
      <header
        class="sc-bczRLJ cbMPzK"
      >
        <div
          class="sc-gsnTZi jaAxkF"
        >
          <button
            class="sc-dkzDqf"
          >
            Back
          </button>
        </div>
        <div
          class="sc-gsnTZi jaAxkF"
        >
          <h1
            class="sc-hKMtZM byoMjW"
          />
        </div>
        <div
          class="sc-gsnTZi jaAxkF"
        />
      </header>
      <div
        class="sc-gKXOVf bQoaVo"
      >
        <table
          class="sc-eCYdqJ jhWBFm"
        >
          <thead>
            <tr>
              <th>
                <span
                  aria-busy="true"
                  aria-live="polite"
                >
                  <span
                    class="react-loading-skeleton"
                    style="width: 100%;"
                  >
                    ‌
                  </span>
                  <br />
                </span>
              </th>
              <th>
                <span
                  aria-busy="true"
                  aria-live="polite"
                >
                  <span
                    class="react-loading-skeleton"
                    style="width: 100%;"
                  >
                    ‌
                  </span>
                  <br />
                </span>
              </th>
            </tr>
          </thead>
          <tbody>
            <tr>
              <td>
                <span
                  aria-busy="true"
                  aria-live="polite"
                >
                  <span
                    class="react-loading-skeleton"
                    style="width: 100%;"
                  >
                    ‌
                  </span>
                  <br />
                  <span
                    class="react-loading-skeleton"
                    style="width: 100%;"
                  >
                    ‌
                  </span>
                  <br />
                  <span
                    class="react-loading-skeleton"
                    style="width: 100%;"
                  >
                    ‌
                  </span>
                  <br />
                  <span
                    class="react-loading-skeleton"
                    style="width: 100%;"
                  >
                    ‌
                  </span>
                  <br />
                  <span
                    class="react-loading-skeleton"
                    style="width: 100%;"
                  >
                    ‌
                  </span>
                  <br />
                </span>
              </td>
              <td>
                <span
                  aria-busy="true"
                  aria-live="polite"
                >
                  <span
                    class="react-loading-skeleton"
                    style="width: 100%;"
                  >
                    ‌
                  </span>
                  <br />
                  <span
                    class="react-loading-skeleton"
                    style="width: 100%;"
                  >
                    ‌
                  </span>
                  <br />
                  <span
                    class="react-loading-skeleton"
                    style="width: 100%;"
                  >
                    ‌
                  </span>
                  <br />
                  <span
                    class="react-loading-skeleton"
                    style="width: 100%;"
                  >
                    ‌
                  </span>
                  <br />
                  <span
                    class="react-loading-skeleton"
                    style="width: 100%;"
                  >
                    ‌
                  </span>
                  <br />
                </span>
              </td>
            </tr>
          </tbody>
        </table>
      </div>
    </div>
  </div>,
  "debug": [Function],
  "findAllByAltText": [Function],
  "findAllByDisplayValue": [Function],
  "findAllByLabelText": [Function],
  "findAllByPlaceholderText": [Function],
  "findAllByRole": [Function],
  "findAllByTestId": [Function],
  "findAllByText": [Function],
  "findAllByTitle": [Function],
  "findByAltText": [Function],
  "findByDisplayValue": [Function],
  "findByLabelText": [Function],
  "findByPlaceholderText": [Function],
  "findByRole": [Function],
  "findByTestId": [Function],
  "findByText": [Function],
  "findByTitle": [Function],
  "getAllByAltText": [Function],
  "getAllByDisplayValue": [Function],
  "getAllByLabelText": [Function],
  "getAllByPlaceholderText": [Function],
  "getAllByRole": [Function],
  "getAllByTestId": [Function],
  "getAllByText": [Function],
  "getAllByTitle": [Function],
  "getByAltText": [Function],
  "getByDisplayValue": [Function],
  "getByLabelText": [Function],
  "getByPlaceholderText": [Function],
  "getByRole": [Function],
  "getByTestId": [Function],
  "getByText": [Function],
  "getByTitle": [Function],
  "queryAllByAltText": [Function],
  "queryAllByDisplayValue": [Function],
  "queryAllByLabelText": [Function],
  "queryAllByPlaceholderText": [Function],
  "queryAllByRole": [Function],
  "queryAllByTestId": [Function],
  "queryAllByText": [Function],
  "queryAllByTitle": [Function],
  "queryByAltText": [Function],
  "queryByDisplayValue": [Function],
  "queryByLabelText": [Function],
  "queryByPlaceholderText": [Function],
  "queryByRole": [Function],
  "queryByTestId": [Function],
  "queryByText": [Function],
  "queryByTitle": [Function],
  "rerender": [Function],
  "unmount": [Function],
}
`;
